// Jest Snapshot v1, https://goo.gl/fbAQLP

exports[`Renders the singup page should render the signup form 1`] = `
<div
  className="form-wrap pb-5 text-center"
>
  <form
    className="form-row"
    onSubmit={[Function]}
  >
    <div
      className="col-10 offset-1"
    >
      <div
        className="input-wrap"
      >
        <SignupInputGroup
          iconClassName="fas fa-envelope"
          inputValue=""
          onChange={[Function]}
          type="email"
        />
        <div
          className="email-message text-left alert "
        >
          <p>
            A verification email will be sent to your mail box
          </p>
          <p />
        </div>
      </div>
      <button
        className="btn"
        disabled={false}
        type="submit"
      >
        Sign up
      </button>
    </div>
  </form>
</div>
`;

exports[`Renders the singup page should render the signup page 1`] = `
<div
  className="sign-up"
>
  <div
    className="container"
  >
    <div
      className="row auth-h d-flex align-items-center"
    >
      <div
        className="col-md-6 offset-md-3 text-center login-wrap"
      >
        <img
          src="/images/logo.png"
        />
        <div
          className="row"
        >
          <div
            className="col-md-8 offset-md-2"
          >
            <div
              className="form-wrap"
            >
              <h1
                className="form-title"
              >
                Sign up
              </h1>
              <div
                className="sign-up-card-wrap text-left"
              >
                <div
                  className="sign-up-card facebook"
                >
                  <a
                    className="d-flex align-items-center"
                    href="https://lotus-ah-staging.herokuapp.com/api/v1/auth/facebook"
                  >
                    <i
                      className="fab fa-facebook"
                    />
                    Sign up with 
                    Facebook
                  </a>
                </div>
                <div
                  className="sign-up-card facebook"
                >
                  <a
                    className="d-flex align-items-center"
                    href="https://lotus-ah-staging.herokuapp.com/api/v1/auth/twitter"
                  >
                    <i
                      className="fab fa-twitter"
                    />
                    Sign up with 
                    Twitter
                  </a>
                </div>
                <div
                  className="sign-up-card facebook"
                >
                  <a
                    className="d-flex align-items-center"
                    href="https://lotus-ah-staging.herokuapp.com/api/v1/auth/google"
                  >
                    <i
                      className="fab fa-google"
                    />
                    Sign up with 
                    Google
                  </a>
                </div>
                <div
                  className="sign-up-card facebook"
                >
                  <a
                    className="d-flex align-items-center"
                    href="#"
                    onClick={[Function]}
                  >
                    <i
                      className="fas fa-envelope"
                    />
                    Sign up with Email
                  </a>
                </div>
              </div>
            </div>
            <div
              className="form-footer"
            >
              <p>
                Already have an account?
                <a
                  href="./login"
                >
                  Login
                </a>
              </p>
            </div>
          </div>
        </div>
      </div>
    </div>
  </div>
</div>
`;
